// Bun Snapshot v1, https://goo.gl/fbAQLP

exports[`ParamInput should render without crashing 1`] = `"<span>Mock Param</span><span>not learning</span><input type="range" min="0" max="1" step="0.01" value="0"><span>0</span><button>Learn MIDI</button>"`;
